// Jest Snapshot v1, https://goo.gl/fbAQLP

exports[`constraints applies validator stake concentration constraints 1`] = `
"dummy-validator, inflation pmpe: 0.4698318496538081, mev pmpe: 0.3956478733926804, bid pmpe: 1, total pmpe: 1.8654797230464886, mnde_target_stake: 0, sam_target_stake: 4500, last constraint: VALIDATOR (dummy-validator)
vote-acc--0000000000, inflation pmpe: 0.4698318496538081, mev pmpe: 0.3956478733926804, bid pmpe: 1, total pmpe: 1.8654797230464886, mnde_target_stake: 0, sam_target_stake: 348.98170521228855, last constraint: BOND (vote-acc--0000000000)
vote-acc--0000000001, inflation pmpe: 0.4698318496538081, mev pmpe: 0.3956478733926804, bid pmpe: 1, total pmpe: 1.8654797230464886, mnde_target_stake: 0, sam_target_stake: 348.98170521228855, last constraint: BOND (vote-acc--0000000001)
vote-acc--0000000002, inflation pmpe: 0.4698318496538081, mev pmpe: 0.3956478733926804, bid pmpe: 1, total pmpe: 1.8654797230464886, mnde_target_stake: 0, sam_target_stake: 348.98170521228855, last constraint: BOND (vote-acc--0000000002)
vote-acc--0000000003, inflation pmpe: 0.4698318496538081, mev pmpe: 0.3956478733926804, bid pmpe: 1, total pmpe: 1.8654797230464886, mnde_target_stake: 0, sam_target_stake: 348.98170521228855, last constraint: BOND (vote-acc--0000000003)
vote-acc--0000000004, inflation pmpe: 0.4698318496538081, mev pmpe: 0.3956478733926804, bid pmpe: 1, total pmpe: 1.8654797230464886, mnde_target_stake: 0, sam_target_stake: 348.98170521228855, last constraint: BOND (vote-acc--0000000004)
vote-acc--0000000005, inflation pmpe: 0.4698318496538081, mev pmpe: 0.3956478733926804, bid pmpe: 1, total pmpe: 1.8654797230464886, mnde_target_stake: 0, sam_target_stake: 348.98170521228855, last constraint: BOND (vote-acc--0000000005)
vote-acc--0000000006, inflation pmpe: 0.4698318496538081, mev pmpe: 0.3956478733926804, bid pmpe: 1, total pmpe: 1.8654797230464886, mnde_target_stake: 0, sam_target_stake: 348.98170521228855, last constraint: BOND (vote-acc--0000000006)
vote-acc--0000000007, inflation pmpe: 0.4698318496538081, mev pmpe: 0.3956478733926804, bid pmpe: 1, total pmpe: 1.8654797230464886, mnde_target_stake: 0, sam_target_stake: 348.98170521228855, last constraint: BOND (vote-acc--0000000007)
vote-acc--0000000008, inflation pmpe: 0.4698318496538081, mev pmpe: 0.3956478733926804, bid pmpe: 1, total pmpe: 1.8654797230464886, mnde_target_stake: 0, sam_target_stake: 348.98170521228855, last constraint: BOND (vote-acc--0000000008)
vote-acc--0000000009, inflation pmpe: 0.4698318496538081, mev pmpe: 0.3956478733926804, bid pmpe: 0, total pmpe: 0.8654797230464886, mnde_target_stake: 0, sam_target_stake: 1155.4285714285713, last constraint: BOND (vote-acc--0000000009)
vote-acc--0000000010, inflation pmpe: 0.4698318496538081, mev pmpe: 0.3956478733926804, bid pmpe: 0, total pmpe: 0.8654797230464886, mnde_target_stake: 0, sam_target_stake: 1155.4285714285713, last constraint: BOND (vote-acc--0000000010)
vote-acc--0000000011, inflation pmpe: 0.4698318496538081, mev pmpe: 0.3956478733926804, bid pmpe: 0, total pmpe: 0.8654797230464886, mnde_target_stake: 0, sam_target_stake: 1155.4285714285713, last constraint: BOND (vote-acc--0000000011)
vote-acc--0000000012, inflation pmpe: 0.4698318496538081, mev pmpe: 0.3956478733926804, bid pmpe: 0, total pmpe: 0.8654797230464886, mnde_target_stake: 0, sam_target_stake: 1155.4285714285713, last constraint: BOND (vote-acc--0000000012)
vote-acc--0000000013, inflation pmpe: 0.4698318496538081, mev pmpe: 0.3956478733926804, bid pmpe: 0, total pmpe: 0.8654797230464886, mnde_target_stake: 0, sam_target_stake: 1155.4285714285713, last constraint: BOND (vote-acc--0000000013)
vote-acc--0000000014, inflation pmpe: 0.4698318496538081, mev pmpe: 0.3956478733926804, bid pmpe: 0, total pmpe: 0.8654797230464886, mnde_target_stake: 0, sam_target_stake: 1155.4285714285713, last constraint: BOND (vote-acc--0000000014)
vote-acc--0000000015, inflation pmpe: 0.4698318496538081, mev pmpe: 0.3956478733926804, bid pmpe: 0, total pmpe: 0.8654797230464886, mnde_target_stake: 0, sam_target_stake: 1155.4285714285713, last constraint: BOND (vote-acc--0000000015)
vote-acc--0000000016, inflation pmpe: 0.4698318496538081, mev pmpe: 0.3956478733926804, bid pmpe: 0, total pmpe: 0.8654797230464886, mnde_target_stake: 0, sam_target_stake: 1155.4285714285713, last constraint: BOND (vote-acc--0000000016)
vote-acc--0000000017, inflation pmpe: 0.4698318496538081, mev pmpe: 0.3956478733926804, bid pmpe: 0, total pmpe: 0.8654797230464886, mnde_target_stake: 0, sam_target_stake: 1155.4285714285713, last constraint: BOND (vote-acc--0000000017)
vote-acc--0000000018, inflation pmpe: 0.4698318496538081, mev pmpe: 0.3956478733926804, bid pmpe: 0, total pmpe: 0.8654797230464886, mnde_target_stake: 0, sam_target_stake: 1155.4285714285713, last constraint: BOND (vote-acc--0000000018)"
`;

exports[`constraints respects bond constraint relaxation I 1`] = `
"vote-acc--0000000000, inflation pmpe: 0.1304586652018676, mev pmpe: 0.10985992859104639, bid pmpe: 100, total pmpe: 100.24031859379292, mnde_target_stake: 0, sam_target_stake: 16763.351749539604, last constraint: BOND (vote-acc--0000000000)
vote-acc--0000000001, inflation pmpe: 0.1304586652018676, mev pmpe: 0.10985992859104639, bid pmpe: 3, total pmpe: 3.2403185937929138, mnde_target_stake: 0, sam_target_stake: 16763.351749539604, last constraint: BOND (vote-acc--0000000001)
vote-acc--0000000002, inflation pmpe: 0.1304586652018676, mev pmpe: 0.10985992859104639, bid pmpe: 2, total pmpe: 2.2403185937929138, mnde_target_stake: 0, sam_target_stake: 23583.133622643953, last constraint: BOND (vote-acc--0000000002)
vote-acc--0000000003, inflation pmpe: 0.1304586652018676, mev pmpe: 0.10985992859104639, bid pmpe: 1, total pmpe: 1.240318593792914, mnde_target_stake: 0, sam_target_stake: 44636.508520289324, last constraint: BOND (vote-acc--0000000003)
vote-acc--0000000004, inflation pmpe: 0.1304586652018676, mev pmpe: 0.10985992859104639, bid pmpe: 0.5, total pmpe: 0.740318593792914, mnde_target_stake: 0, sam_target_stake: 8062.444641275466, last constraint: BOND (vote-acc--0000000004)
vote-acc--0000000005, inflation pmpe: 0.1304586652018676, mev pmpe: 0.10985992859104639, bid pmpe: 0.5, total pmpe: 0.740318593792914, mnde_target_stake: 0, sam_target_stake: 8062.444641275466, last constraint: BOND (vote-acc--0000000005)
vote-acc--0000000006, inflation pmpe: 0.1304586652018676, mev pmpe: 0.10985992859104639, bid pmpe: 0.5, total pmpe: 0.740318593792914, mnde_target_stake: 0, sam_target_stake: 8062.444641275466, last constraint: BOND (vote-acc--0000000006)
vote-acc--0000000007, inflation pmpe: 0.1304586652018676, mev pmpe: 0.10985992859104639, bid pmpe: 0.5, total pmpe: 0.740318593792914, mnde_target_stake: 0, sam_target_stake: 8062.444641275466, last constraint: BOND (vote-acc--0000000007)
vote-acc--0000000008, inflation pmpe: 0.1304586652018676, mev pmpe: 0.10985992859104639, bid pmpe: 0.5, total pmpe: 0.740318593792914, mnde_target_stake: 0, sam_target_stake: 8062.444641275466, last constraint: BOND (vote-acc--0000000008)
vote-acc--0000000009, inflation pmpe: 0.1304586652018676, mev pmpe: 0.10985992859104639, bid pmpe: 0.5, total pmpe: 0.740318593792914, mnde_target_stake: 0, sam_target_stake: 8062.444641275466, last constraint: BOND (vote-acc--0000000009)
vote-acc--0000000010, inflation pmpe: 0.1304586652018676, mev pmpe: 0.10985992859104639, bid pmpe: 0.5, total pmpe: 0.740318593792914, mnde_target_stake: 0, sam_target_stake: 8062.444641275466, last constraint: BOND (vote-acc--0000000010)
vote-acc--0000000011, inflation pmpe: 0.1304586652018676, mev pmpe: 0.10985992859104639, bid pmpe: 0.5, total pmpe: 0.740318593792914, mnde_target_stake: 0, sam_target_stake: 8062.444641275466, last constraint: BOND (vote-acc--0000000011)
vote-acc--0000000012, inflation pmpe: 0.1304586652018676, mev pmpe: 0.10985992859104639, bid pmpe: 0.5, total pmpe: 0.740318593792914, mnde_target_stake: 0, sam_target_stake: 8062.444641275466, last constraint: BOND (vote-acc--0000000012)
vote-acc--0000000013, inflation pmpe: 0.1304586652018676, mev pmpe: 0.10985992859104639, bid pmpe: 0.5, total pmpe: 0.740318593792914, mnde_target_stake: 0, sam_target_stake: 8062.444641275466, last constraint: BOND (vote-acc--0000000013)
vote-acc--0000000014, inflation pmpe: 0.1304586652018676, mev pmpe: 0.10985992859104639, bid pmpe: 0.5, total pmpe: 0.740318593792914, mnde_target_stake: 0, sam_target_stake: 8062.444641275466, last constraint: BOND (vote-acc--0000000014)
vote-acc--0000000015, inflation pmpe: 0.1304586652018676, mev pmpe: 0.10985992859104639, bid pmpe: 0.5, total pmpe: 0.740318593792914, mnde_target_stake: 0, sam_target_stake: 8062.444641275466, last constraint: BOND (vote-acc--0000000015)
vote-acc--0000000016, inflation pmpe: 0.1304586652018676, mev pmpe: 0.10985992859104639, bid pmpe: 0.5, total pmpe: 0.740318593792914, mnde_target_stake: 0, sam_target_stake: 8062.444641275466, last constraint: BOND (vote-acc--0000000016)
vote-acc--0000000017, inflation pmpe: 0.1304586652018676, mev pmpe: 0.10985992859104639, bid pmpe: 0.5, total pmpe: 0.740318593792914, mnde_target_stake: 0, sam_target_stake: 8062.444641275466, last constraint: BOND (vote-acc--0000000017)
vote-acc--0000000018, inflation pmpe: 0.1304586652018676, mev pmpe: 0.10985992859104639, bid pmpe: 0.5, total pmpe: 0.740318593792914, mnde_target_stake: 0, sam_target_stake: 8062.444641275466, last constraint: BOND (vote-acc--0000000018)
vote-acc--0000000019, inflation pmpe: 0.1304586652018676, mev pmpe: 0.10985992859104639, bid pmpe: 0.5, total pmpe: 0.740318593792914, mnde_target_stake: 0, sam_target_stake: 8062.444641275466, last constraint: BOND (vote-acc--0000000019)
vote-acc--0000000020, inflation pmpe: 0.1304586652018676, mev pmpe: 0.10985992859104639, bid pmpe: 0.5, total pmpe: 0.740318593792914, mnde_target_stake: 0, sam_target_stake: 8062.444641275466, last constraint: BOND (vote-acc--0000000020)
vote-acc--0000000021, inflation pmpe: 0.1304586652018676, mev pmpe: 0.10985992859104639, bid pmpe: 0.5, total pmpe: 0.740318593792914, mnde_target_stake: 0, sam_target_stake: 8062.444641275466, last constraint: BOND (vote-acc--0000000021)"
`;

exports[`constraints respects bond constraint relaxation II 1`] = `
"vote-acc--0000000000, inflation pmpe: 0.13033337906434353, mev pmpe: 0.10975442447523664, bid pmpe: 100, total pmpe: 100.24008780353958, mnde_target_stake: 0, sam_target_stake: 44175.75757575757, last constraint: BOND (vote-acc--0000000000)
vote-acc--0000000001, inflation pmpe: 0.13033337906434353, mev pmpe: 0.10975442447523664, bid pmpe: 1, total pmpe: 1.2400878035395801, mnde_target_stake: 0, sam_target_stake: 44175.75757575757, last constraint: BOND (vote-acc--0000000001)
vote-acc--0000000002, inflation pmpe: 0.13033337906434353, mev pmpe: 0.10975442447523664, bid pmpe: 0.5, total pmpe: 0.7400878035395801, mnde_target_stake: 0, sam_target_stake: 44175.75757575757, last constraint: BOND (vote-acc--0000000002)
vote-acc--0000000005, inflation pmpe: 0.13033337906434353, mev pmpe: 0.10975442447523664, bid pmpe: 0.5, total pmpe: 0.7400878035395801, mnde_target_stake: 0, sam_target_stake: 8835.151515151514, last constraint: BOND (vote-acc--0000000005)
vote-acc--0000000006, inflation pmpe: 0.13033337906434353, mev pmpe: 0.10975442447523664, bid pmpe: 0.5, total pmpe: 0.7400878035395801, mnde_target_stake: 0, sam_target_stake: 8835.151515151514, last constraint: BOND (vote-acc--0000000006)
vote-acc--0000000007, inflation pmpe: 0.13033337906434353, mev pmpe: 0.10975442447523664, bid pmpe: 0.5, total pmpe: 0.7400878035395801, mnde_target_stake: 0, sam_target_stake: 8835.151515151514, last constraint: BOND (vote-acc--0000000007)
vote-acc--0000000008, inflation pmpe: 0.13033337906434353, mev pmpe: 0.10975442447523664, bid pmpe: 0.5, total pmpe: 0.7400878035395801, mnde_target_stake: 0, sam_target_stake: 8835.151515151514, last constraint: BOND (vote-acc--0000000008)
vote-acc--0000000009, inflation pmpe: 0.13033337906434353, mev pmpe: 0.10975442447523664, bid pmpe: 0.5, total pmpe: 0.7400878035395801, mnde_target_stake: 0, sam_target_stake: 8835.151515151514, last constraint: BOND (vote-acc--0000000009)
vote-acc--0000000010, inflation pmpe: 0.13033337906434353, mev pmpe: 0.10975442447523664, bid pmpe: 0.5, total pmpe: 0.7400878035395801, mnde_target_stake: 0, sam_target_stake: 8835.151515151514, last constraint: BOND (vote-acc--0000000010)
vote-acc--0000000011, inflation pmpe: 0.13033337906434353, mev pmpe: 0.10975442447523664, bid pmpe: 0.5, total pmpe: 0.7400878035395801, mnde_target_stake: 0, sam_target_stake: 8835.151515151514, last constraint: BOND (vote-acc--0000000011)
vote-acc--0000000012, inflation pmpe: 0.13033337906434353, mev pmpe: 0.10975442447523664, bid pmpe: 0.5, total pmpe: 0.7400878035395801, mnde_target_stake: 0, sam_target_stake: 8835.151515151514, last constraint: BOND (vote-acc--0000000012)
vote-acc--0000000013, inflation pmpe: 0.13033337906434353, mev pmpe: 0.10975442447523664, bid pmpe: 0.5, total pmpe: 0.7400878035395801, mnde_target_stake: 0, sam_target_stake: 8835.151515151514, last constraint: BOND (vote-acc--0000000013)
vote-acc--0000000014, inflation pmpe: 0.13033337906434353, mev pmpe: 0.10975442447523664, bid pmpe: 0.5, total pmpe: 0.7400878035395801, mnde_target_stake: 0, sam_target_stake: 8835.151515151514, last constraint: BOND (vote-acc--0000000014)
vote-acc--0000000015, inflation pmpe: 0.13033337906434353, mev pmpe: 0.10975442447523664, bid pmpe: 0.5, total pmpe: 0.7400878035395801, mnde_target_stake: 0, sam_target_stake: 8835.151515151514, last constraint: BOND (vote-acc--0000000015)
vote-acc--0000000016, inflation pmpe: 0.13033337906434353, mev pmpe: 0.10975442447523664, bid pmpe: 0.5, total pmpe: 0.7400878035395801, mnde_target_stake: 0, sam_target_stake: 8835.151515151514, last constraint: BOND (vote-acc--0000000016)
vote-acc--0000000017, inflation pmpe: 0.13033337906434353, mev pmpe: 0.10975442447523664, bid pmpe: 0.5, total pmpe: 0.7400878035395801, mnde_target_stake: 0, sam_target_stake: 8835.151515151514, last constraint: BOND (vote-acc--0000000017)
vote-acc--0000000018, inflation pmpe: 0.13033337906434353, mev pmpe: 0.10975442447523664, bid pmpe: 0.5, total pmpe: 0.7400878035395801, mnde_target_stake: 0, sam_target_stake: 8835.151515151514, last constraint: BOND (vote-acc--0000000018)
vote-acc--0000000019, inflation pmpe: 0.13033337906434353, mev pmpe: 0.10975442447523664, bid pmpe: 0.5, total pmpe: 0.7400878035395801, mnde_target_stake: 0, sam_target_stake: 8835.151515151514, last constraint: BOND (vote-acc--0000000019)
vote-acc--0000000020, inflation pmpe: 0.13033337906434353, mev pmpe: 0.10975442447523664, bid pmpe: 0.5, total pmpe: 0.7400878035395801, mnde_target_stake: 0, sam_target_stake: 8835.151515151514, last constraint: BOND (vote-acc--0000000020)
vote-acc--0000000021, inflation pmpe: 0.13033337906434353, mev pmpe: 0.10975442447523664, bid pmpe: 0.5, total pmpe: 0.7400878035395801, mnde_target_stake: 0, sam_target_stake: 8835.151515151514, last constraint: BOND (vote-acc--0000000021)
vote-acc--0000000022, inflation pmpe: 0.13033337906434353, mev pmpe: 0.10975442447523664, bid pmpe: 0.5, total pmpe: 0.7400878035395801, mnde_target_stake: 0, sam_target_stake: 8835.151515151514, last constraint: BOND (vote-acc--0000000022)
vote-acc--0000000003, inflation pmpe: 0.13033337906434353, mev pmpe: 0.10975442447523664, bid pmpe: 0.2, total pmpe: 0.4400878035395802, mnde_target_stake: 0, sam_target_stake: 78114.28326474623, last constraint: BOND (vote-acc--0000000003)
vote-acc--0000000004, inflation pmpe: 0.13033337906434353, mev pmpe: 0.10975442447523664, bid pmpe: 0.1, total pmpe: 0.3400878035395802, mnde_target_stake: 0, sam_target_stake: 113613.69162666, last constraint: BOND (vote-acc--0000000004)"
`;
